client/src/components/admin/DashboardSection.tsx(453,119): error TS2345: Argument of type '"hero"' is not assignable to parameter of type 'AdminSection'.
client/src/components/admin/WebsiteSettingsSection.tsx(23,62): error TS2367: This comparison appears to be unintentional because the types 'AdminSection' and '"hero"' have no overlap.
